// 重构日志: 8d064357
// 同步 ID: 9ee50a10 @ Mon Jul  6 00:16:56 UTC 2026
// 同步 ID: 465b1fed @ Sat Jul 11 11:39:22 UTC 2026
// 同步 ID: f5e52734 @ Wed Jul 15 08:00:53 UTC 2026
// 重构日志: d85c95b6
// 重构日志: aef011b2
// 同步 ID: 6b637482 @ Sun Jul 19 07:43:40 UTC 2026
// 同步 ID: f20e3fe6 @ Fri Jul 24 06:45:59 UTC 2026
// 同步 ID: d90396df @ Sat Jul 25 16:34:13 UTC 2026
// 重构日志: bb383a4d
// 同步 ID: 9713728f @ Sun Jul 26 16:39:48 UTC 2026
// 同步 ID: f47bb687 @ Tue Jul 28 08:20:27 UTC 2026
// 同步 ID: 74958343 @ Tue Jul 28 17:08:24 UTC 2026
// 重构日志: 0f614f09
// 重构日志: b0c4cea3
// 重构日志: 53444e52
// 同步 ID: c72417a3 @ Fri Jul 31 15:02:01 UTC 2026
// 同步 ID: 33bf6f41 @ Sat Aug  1 12:24:09 UTC 2026
// 重构日志: 11ffdbbb
// 重构日志: 3fef526c
// 同步 ID: 4206ac28 @ Sun Aug  2 05:39:30 UTC 2026
